 WARN  Unsupported engine: wanted: {"node":"20.x"} (current: {"node":"v25.2.1","pnpm":"10.2.0"})

> vayva@ test:e2e /Users/fredrick/.gemini/antigravity/scratch/vayva
> playwright test tests/e2e/onboarding-full.spec.ts

🔧 Global E2E Test Setup
✅ Test environment ready
warn(prisma) Conflict for env var DATABASE_URL in .env and infra/db/.env
Env vars from infra/db/.env overwrite the ones from .env
      

Running 1 test using 1 worker

[33mwarn(prisma)[39m Conflict for env var [1mDATABASE_URL[22m in [4m.env[24m and [4minfra/db/.env[24m
Env vars from [4minfra/db/.env[24m overwrite the ones from [4m.env[24m
      
  ✘  1 [chromium] › tests/e2e/onboarding-full.spec.ts:5:9 › Onboarding Smoke Test › onboarding welcome page loads (17.5s)
🧹 Global E2E Test Teardown
✅ Cleanup complete


  1) [chromium] › tests/e2e/onboarding-full.spec.ts:5:9 › Onboarding Smoke Test › onboarding welcome page loads 

    Error: [2mexpect([22m[31mlocator[39m[2m).[22mtoBeVisible[2m([22m[2m)[22m failed

    Locator: getByTestId('onboarding-welcome-continue')
    Expected: visible
    Timeout: 15000ms
    Error: element(s) not found

    Call log:
    [2m  - Expect "toBeVisible" with timeout 15000ms[22m
    [2m  - waiting for getByTestId('onboarding-welcome-continue')[22m


      12 |
      13 |         // Check for specific element
    > 14 |         await expect(page.getByTestId('onboarding-welcome-continue')).toBeVisible({ timeout: 15000 });
         |                                                                       ^
      15 |
      16 |         // Verify text
      17 |         await expect(page.getByText(/Welcome to Vayva/i)).toBeVisible();
        at /Users/fredrick/.gemini/antigravity/scratch/vayva/tests/e2e/onboarding-full.spec.ts:14:71

    attachment #1: screenshot (image/png) ──────────────────────────────────────────────────────────
    test-results/onboarding-full-Onboarding-3c624-boarding-welcome-page-loads-chromium/test-failed-1.png
    ────────────────────────────────────────────────────────────────────────────────────────────────

    attachment #2: video (video/webm) ──────────────────────────────────────────────────────────────
    test-results/onboarding-full-Onboarding-3c624-boarding-welcome-page-loads-chromium/video.webm
    ────────────────────────────────────────────────────────────────────────────────────────────────

    Error Context: test-results/onboarding-full-Onboarding-3c624-boarding-welcome-page-loads-chromium/error-context.md

    attachment #4: trace (application/zip) ─────────────────────────────────────────────────────────
    test-results/onboarding-full-Onboarding-3c624-boarding-welcome-page-loads-chromium/trace.zip
    Usage:

        pnpm exec playwright show-trace test-results/onboarding-full-Onboarding-3c624-boarding-welcome-page-loads-chromium/trace.zip

    ────────────────────────────────────────────────────────────────────────────────────────────────

  1 failed
    [chromium] › tests/e2e/onboarding-full.spec.ts:5:9 › Onboarding Smoke Test › onboarding welcome page loads 
 ELIFECYCLE  Command failed with exit code 1.
