// Vitest Snapshot v1, https://vitest.dev/guide/snapshot.html

exports[`Recommendation Engine Snapshots > Hardening-04: Recommendation for Beauty is deterministic 1`] = `null`;

exports[`Recommendation Engine Snapshots > Hardening-04: Recommendation for Electronics is deterministic 1`] = `null`;

exports[`Recommendation Engine Snapshots > Hardening-04: Recommendation for Fashion Retail is deterministic 1`] = `null`;

exports[`Recommendation Engine Snapshots > Hardening-04: Recommendation for Food Restaurant is deterministic 1`] = `null`;

exports[`Recommendation Engine Snapshots > Hardening-04: Recommendation for Groceries is deterministic 1`] = `null`;

exports[`Recommendation Engine Snapshots > Hardening-04: Recommendation for Home Decor is deterministic 1`] = `null`;

exports[`Recommendation Engine Snapshots > Hardening-04: Recommendation for Services Consulting is deterministic 1`] = `null`;
